// Jest Snapshot v1, https://goo.gl/fbAQLP

exports[`Footer renders Footer component correctly 1`] = `
<div>
  <div
    class="footer w-full absolute py-8 text-center bottom-0 bg-gray-100 font-smibold"
  >
    <p
      class=""
    >
      Math Magicians Â©2023
    </p>
  </div>
</div>
`;
